// Jest Snapshot v1, https://goo.gl/fbAQLP

exports[`Atoms - Button Test matches the snapshot 1`] = `
<DocumentFragment>
  <button
    class="fish-button"
    data-testid="button"
  >
    Hello Bees!
  </button>
</DocumentFragment>
`;
